src/app/page.tsx(4,30): error TS2339: Property 'getUsers' does not exist on type 'DecorateRouterRecord<DecorateCreateRouterOptions<{ hello: QueryProcedure<{ input: void; output: { id: number; email: string; name: string | null; }[]; meta: object; }>; }>>'.
src/app/page.tsx(7,19): error TS7006: Parameter 'user' implicitly has an 'any' type.
src/components/ui/accordion.tsx(4,49): error TS2307: Cannot find module 'radix-ui' or its corresponding type declarations.
src/components/ui/accordion.tsx(6,20): error TS2307: Cannot find module '@/lib/utils' or its corresponding type declarations.
src/components/ui/accordion.tsx(7,48): error TS2307: Cannot find module 'lucide-react' or its corresponding type declarations.
src/components/ui/alert-dialog.tsx(4,53): error TS2307: Cannot find module 'radix-ui' or its corresponding type declarations.
src/components/ui/alert-dialog.tsx(6,20): error TS2307: Cannot find module '@/lib/utils' or its corresponding type declarations.
src/components/ui/alert.tsx(2,40): error TS2307: Cannot find module 'class-variance-authority' or its corresponding type declarations.
src/components/ui/alert.tsx(4,20): error TS2307: Cannot find module '@/lib/utils' or its corresponding type declarations.
src/components/ui/aspect-ratio.tsx(3,53): error TS2307: Cannot find module 'radix-ui' or its corresponding type declarations.
src/components/ui/avatar.tsx(4,43): error TS2307: Cannot find module 'radix-ui' or its corresponding type declarations.
src/components/ui/avatar.tsx(6,20): error TS2307: Cannot find module '@/lib/utils' or its corresponding type declarations.
src/components/ui/badge.tsx(2,40): error TS2307: Cannot find module 'class-variance-authority' or its corresponding type declarations.
src/components/ui/badge.tsx(3,22): error TS2307: Cannot find module 'radix-ui' or its corresponding type declarations.
src/components/ui/badge.tsx(5,20): error TS2307: Cannot find module '@/lib/utils' or its corresponding type declarations.
src/components/ui/breadcrumb.tsx(2,22): error TS2307: Cannot find module 'radix-ui' or its corresponding type declarations.
src/components/ui/breadcrumb.tsx(4,20): error TS2307: Cannot find module '@/lib/utils' or its corresponding type declarations.
src/components/ui/breadcrumb.tsx(5,54): error TS2307: Cannot find module 'lucide-react' or its corresponding type declarations.
src/components/ui/button-group.tsx(1,40): error TS2307: Cannot find module 'class-variance-authority' or its corresponding type declarations.
src/components/ui/button-group.tsx(2,22): error TS2307: Cannot find module 'radix-ui' or its corresponding type declarations.
src/components/ui/button-group.tsx(4,20): error TS2307: Cannot find module '@/lib/utils' or its corresponding type declarations.
src/components/ui/button.tsx(2,40): error TS2307: Cannot find module 'class-variance-authority' or its corresponding type declarations.
src/components/ui/button.tsx(3,22): error TS2307: Cannot find module 'radix-ui' or its corresponding type declarations.
src/components/ui/button.tsx(5,20): error TS2307: Cannot find module '@/lib/utils' or its corresponding type declarations.
src/components/ui/calendar.tsx(11,20): error TS2307: Cannot find module '@/lib/utils' or its corresponding type declarations.
src/components/ui/calendar.tsx(13,68): error TS2307: Cannot find module 'lucide-react' or its corresponding type declarations.
src/components/ui/card.tsx(3,20): error TS2307: Cannot find module '@/lib/utils' or its corresponding type declarations.
src/components/ui/carousel.tsx(8,20): error TS2307: Cannot find module '@/lib/utils' or its corresponding type declarations.
src/components/ui/carousel.tsx(10,51): error TS2307: Cannot find module 'lucide-react' or its corresponding type declarations.
src/components/ui/chart.tsx(6,20): error TS2307: Cannot find module '@/lib/utils' or its corresponding type declarations.
src/components/ui/checkbox.tsx(4,47): error TS2307: Cannot find module 'radix-ui' or its corresponding type declarations.
src/components/ui/checkbox.tsx(6,20): error TS2307: Cannot find module '@/lib/utils' or its corresponding type declarations.
src/components/ui/checkbox.tsx(7,27): error TS2307: Cannot find module 'lucide-react' or its corresponding type declarations.
src/components/ui/collapsible.tsx(3,53): error TS2307: Cannot find module 'radix-ui' or its corresponding type declarations.
src/components/ui/combobox.tsx(6,20): error TS2307: Cannot find module '@/lib/utils' or its corresponding type declarations.
src/components/ui/combobox.tsx(14,51): error TS2307: Cannot find module 'lucide-react' or its corresponding type declarations.
src/components/ui/command.tsx(6,20): error TS2307: Cannot find module '@/lib/utils' or its corresponding type declarations.
src/components/ui/command.tsx(18,39): error TS2307: Cannot find module 'lucide-react' or its corresponding type declarations.
src/components/ui/context-menu.tsx(4,53): error TS2307: Cannot find module 'radix-ui' or its corresponding type declarations.
src/components/ui/context-menu.tsx(6,20): error TS2307: Cannot find module '@/lib/utils' or its corresponding type declarations.
src/components/ui/context-menu.tsx(7,45): error TS2307: Cannot find module 'lucide-react' or its corresponding type declarations.
src/components/ui/dialog.tsx(4,43): error TS2307: Cannot find module 'radix-ui' or its corresponding type declarations.
src/components/ui/dialog.tsx(6,20): error TS2307: Cannot find module '@/lib/utils' or its corresponding type declarations.
src/components/ui/dialog.tsx(8,23): error TS2307: Cannot find module 'lucide-react' or its corresponding type declarations.
src/components/ui/direction.tsx(4,27): error TS2307: Cannot find module 'radix-ui' or its corresponding type declarations.
src/components/ui/drawer.tsx(6,20): error TS2307: Cannot find module '@/lib/utils' or its corresponding type declarations.
src/components/ui/dropdown-menu.tsx(4,55): error TS2307: Cannot find module 'radix-ui' or its corresponding type declarations.
src/components/ui/dropdown-menu.tsx(6,20): error TS2307: Cannot find module '@/lib/utils' or its corresponding type declarations.
src/components/ui/dropdown-menu.tsx(7,45): error TS2307: Cannot find module 'lucide-react' or its corresponding type declarations.
src/components/ui/empty.tsx(1,40): error TS2307: Cannot find module 'class-variance-authority' or its corresponding type declarations.
src/components/ui/empty.tsx(3,20): error TS2307: Cannot find module '@/lib/utils' or its corresponding type declarations.
src/components/ui/field.tsx(4,40): error TS2307: Cannot find module 'class-variance-authority' or its corresponding type declarations.
src/components/ui/field.tsx(6,20): error TS2307: Cannot find module '@/lib/utils' or its corresponding type declarations.
src/components/ui/hover-card.tsx(4,49): error TS2307: Cannot find module 'radix-ui' or its corresponding type declarations.
src/components/ui/hover-card.tsx(6,20): error TS2307: Cannot find module '@/lib/utils' or its corresponding type declarations.
src/components/ui/input-group.tsx(4,40): error TS2307: Cannot find module 'class-variance-authority' or its corresponding type declarations.
src/components/ui/input-group.tsx(6,20): error TS2307: Cannot find module '@/lib/utils' or its corresponding type declarations.
src/components/ui/input-otp.tsx(6,20): error TS2307: Cannot find module '@/lib/utils' or its corresponding type declarations.
src/components/ui/input-otp.tsx(7,27): error TS2307: Cannot find module 'lucide-react' or its corresponding type declarations.
src/components/ui/input.tsx(3,20): error TS2307: Cannot find module '@/lib/utils' or its corresponding type declarations.
src/components/ui/item.tsx(2,40): error TS2307: Cannot find module 'class-variance-authority' or its corresponding type declarations.
src/components/ui/item.tsx(3,22): error TS2307: Cannot find module 'radix-ui' or its corresponding type declarations.
src/components/ui/item.tsx(5,20): error TS2307: Cannot find module '@/lib/utils' or its corresponding type declarations.
src/components/ui/kbd.tsx(1,20): error TS2307: Cannot find module '@/lib/utils' or its corresponding type declarations.
src/components/ui/label.tsx(4,41): error TS2307: Cannot find module 'radix-ui' or its corresponding type declarations.
src/components/ui/label.tsx(6,20): error TS2307: Cannot find module '@/lib/utils' or its corresponding type declarations.
src/components/ui/menubar.tsx(4,45): error TS2307: Cannot find module 'radix-ui' or its corresponding type declarations.
src/components/ui/menubar.tsx(6,20): error TS2307: Cannot find module '@/lib/utils' or its corresponding type declarations.
src/components/ui/menubar.tsx(7,45): error TS2307: Cannot find module 'lucide-react' or its corresponding type declarations.
src/components/ui/native-select.tsx(3,20): error TS2307: Cannot find module '@/lib/utils' or its corresponding type declarations.
src/components/ui/native-select.tsx(4,33): error TS2307: Cannot find module 'lucide-react' or its corresponding type declarations.
src/components/ui/navigation-menu.tsx(2,21): error TS2307: Cannot find module 'class-variance-authority' or its corresponding type declarations.
src/components/ui/navigation-menu.tsx(3,59): error TS2307: Cannot find module 'radix-ui' or its corresponding type declarations.
src/components/ui/navigation-menu.tsx(5,20): error TS2307: Cannot find module '@/lib/utils' or its corresponding type declarations.
src/components/ui/navigation-menu.tsx(6,33): error TS2307: Cannot find module 'lucide-react' or its corresponding type declarations.
src/components/ui/pagination.tsx(3,20): error TS2307: Cannot find module '@/lib/utils' or its corresponding type declarations.
src/components/ui/pagination.tsx(5,71): error TS2307: Cannot find module 'lucide-react' or its corresponding type declarations.
src/components/ui/pagination.tsx(72,7): error TS2783: 'size' is specified more than once, so this usage will be overwritten.
src/components/ui/pagination.tsx(90,7): error TS2783: 'size' is specified more than once, so this usage will be overwritten.
src/components/ui/popover.tsx(4,45): error TS2307: Cannot find module 'radix-ui' or its corresponding type declarations.
src/components/ui/popover.tsx(6,20): error TS2307: Cannot find module '@/lib/utils' or its corresponding type declarations.
src/components/ui/progress.tsx(4,47): error TS2307: Cannot find module 'radix-ui' or its corresponding type declarations.
src/components/ui/progress.tsx(6,20): error TS2307: Cannot find module '@/lib/utils' or its corresponding type declarations.
src/components/ui/radio-group.tsx(4,51): error TS2307: Cannot find module 'radix-ui' or its corresponding type declarations.
src/components/ui/radio-group.tsx(6,20): error TS2307: Cannot find module '@/lib/utils' or its corresponding type declarations.
src/components/ui/resizable.tsx(5,20): error TS2307: Cannot find module '@/lib/utils' or its corresponding type declarations.
src/components/ui/scroll-area.tsx(4,51): error TS2307: Cannot find module 'radix-ui' or its corresponding type declarations.
src/components/ui/scroll-area.tsx(6,20): error TS2307: Cannot find module '@/lib/utils' or its corresponding type declarations.
src/components/ui/select.tsx(4,43): error TS2307: Cannot find module 'radix-ui' or its corresponding type declarations.
src/components/ui/select.tsx(6,20): error TS2307: Cannot find module '@/lib/utils' or its corresponding type declarations.
src/components/ui/select.tsx(7,59): error TS2307: Cannot find module 'lucide-react' or its corresponding type declarations.
src/components/ui/separator.tsx(4,49): error TS2307: Cannot find module 'radix-ui' or its corresponding type declarations.
src/components/ui/separator.tsx(6,20): error TS2307: Cannot find module '@/lib/utils' or its corresponding type declarations.
src/components/ui/sheet.tsx(4,42): error TS2307: Cannot find module 'radix-ui' or its corresponding type declarations.
src/components/ui/sheet.tsx(6,20): error TS2307: Cannot find module '@/lib/utils' or its corresponding type declarations.
src/components/ui/sheet.tsx(8,23): error TS2307: Cannot find module 'lucide-react' or its corresponding type declarations.
src/components/ui/sidebar.tsx(4,40): error TS2307: Cannot find module 'class-variance-authority' or its corresponding type declarations.
src/components/ui/sidebar.tsx(5,22): error TS2307: Cannot find module 'radix-ui' or its corresponding type declarations.
src/components/ui/sidebar.tsx(8,20): error TS2307: Cannot find module '@/lib/utils' or its corresponding type declarations.
src/components/ui/sidebar.tsx(25,31): error TS2307: Cannot find module 'lucide-react' or its corresponding type declarations.
src/components/ui/sidebar.tsx(267,17): error TS7006: Parameter 'event' implicitly has an 'any' type.
src/components/ui/skeleton.tsx(1,20): error TS2307: Cannot find module '@/lib/utils' or its corresponding type declarations.
src/components/ui/slider.tsx(4,43): error TS2307: Cannot find module 'radix-ui' or its corresponding type declarations.
src/components/ui/slider.tsx(6,20): error TS2307: Cannot find module '@/lib/utils' or its corresponding type declarations.
src/components/ui/sonner.tsx(5,89): error TS2307: Cannot find module 'lucide-react' or its corresponding type declarations.
src/components/ui/spinner.tsx(1,20): error TS2307: Cannot find module '@/lib/utils' or its corresponding type declarations.
src/components/ui/spinner.tsx(2,29): error TS2307: Cannot find module 'lucide-react' or its corresponding type declarations.
src/components/ui/switch.tsx(4,43): error TS2307: Cannot find module 'radix-ui' or its corresponding type declarations.
src/components/ui/switch.tsx(6,20): error TS2307: Cannot find module '@/lib/utils' or its corresponding type declarations.
src/components/ui/table.tsx(5,20): error TS2307: Cannot find module '@/lib/utils' or its corresponding type declarations.
src/components/ui/tabs.tsx(4,40): error TS2307: Cannot find module 'class-variance-authority' or its corresponding type declarations.
src/components/ui/tabs.tsx(5,39): error TS2307: Cannot find module 'radix-ui' or its corresponding type declarations.
src/components/ui/tabs.tsx(7,20): error TS2307: Cannot find module '@/lib/utils' or its corresponding type declarations.
src/components/ui/textarea.tsx(3,20): error TS2307: Cannot find module '@/lib/utils' or its corresponding type declarations.
src/components/ui/toggle-group.tsx(4,35): error TS2307: Cannot find module 'class-variance-authority' or its corresponding type declarations.
src/components/ui/toggle-group.tsx(5,53): error TS2307: Cannot find module 'radix-ui' or its corresponding type declarations.
src/components/ui/toggle-group.tsx(7,20): error TS2307: Cannot find module '@/lib/utils' or its corresponding type declarations.
src/components/ui/toggle.tsx(4,40): error TS2307: Cannot find module 'class-variance-authority' or its corresponding type declarations.
src/components/ui/toggle.tsx(5,43): error TS2307: Cannot find module 'radix-ui' or its corresponding type declarations.
src/components/ui/toggle.tsx(7,20): error TS2307: Cannot find module '@/lib/utils' or its corresponding type declarations.
src/components/ui/tooltip.tsx(4,45): error TS2307: Cannot find module 'radix-ui' or its corresponding type declarations.
src/components/ui/tooltip.tsx(6,20): error TS2307: Cannot find module '@/lib/utils' or its corresponding type declarations.
