src/app/page.tsx(12,34): error TS2551: Property 'getWorkflows' does not exist on type 'TRPCOptionsProxy<BuiltRouter<{ ctx: object; meta: object; errorShape: DefaultErrorShape; transformer: true; }, DecorateCreateRouterOptions<{ workflows: BuiltRouter<{ ctx: object; meta: object; errorShape: DefaultErrorShape; transformer: true; }, DecorateCreateRouterOptions<...>>; }>>, { ...; }>'. Did you mean 'workflows'?
src/app/page.tsx(13,35): error TS2339: Property 'testAi' does not exist on type 'TRPCOptionsProxy<BuiltRouter<{ ctx: object; meta: object; errorShape: DefaultErrorShape; transformer: true; }, DecorateCreateRouterOptions<{ workflows: BuiltRouter<{ ctx: object; meta: object; errorShape: DefaultErrorShape; transformer: true; }, DecorateCreateRouterOptions<...>>; }>>, { ...; }>'.
src/app/page.tsx(21,35): error TS2339: Property 'createWorkflow' does not exist on type 'TRPCOptionsProxy<BuiltRouter<{ ctx: object; meta: object; errorShape: DefaultErrorShape; transformer: true; }, DecorateCreateRouterOptions<{ workflows: BuiltRouter<{ ctx: object; meta: object; errorShape: DefaultErrorShape; transformer: true; }, DecorateCreateRouterOptions<...>>; }>>, { ...; }>'.
src/app/page.tsx(23,42): error TS2551: Property 'getWorkflows' does not exist on type 'TRPCOptionsProxy<BuiltRouter<{ ctx: object; meta: object; errorShape: DefaultErrorShape; transformer: true; }, DecorateCreateRouterOptions<{ workflows: BuiltRouter<{ ctx: object; meta: object; errorShape: DefaultErrorShape; transformer: true; }, DecorateCreateRouterOptions<...>>; }>>, { ...; }>'. Did you mean 'workflows'?
src/components/ui/chart.tsx(109,3): error TS2339: Property 'payload' does not exist on type 'Omit<Props<ValueType, NameType>, PropertiesReadFromContext> & { active?: boolean | undefined; allowEscapeViewBox?: AllowInDimension | undefined; ... 24 more ...; wrapperStyle?: CSSProperties | undefined; } & ClassAttributes<...> & HTMLAttributes<...> & { ...; }'.
src/components/ui/chart.tsx(114,3): error TS2339: Property 'label' does not exist on type 'Omit<Props<ValueType, NameType>, PropertiesReadFromContext> & { active?: boolean | undefined; allowEscapeViewBox?: AllowInDimension | undefined; ... 24 more ...; wrapperStyle?: CSSProperties | undefined; } & ClassAttributes<...> & HTMLAttributes<...> & { ...; }'.
src/components/ui/chart.tsx(183,20): error TS7006: Parameter 'item' implicitly has an 'any' type.
src/components/ui/chart.tsx(184,17): error TS7006: Parameter 'item' implicitly has an 'any' type.
src/components/ui/chart.tsx(184,23): error TS7006: Parameter 'index' implicitly has an 'any' type.
src/components/ui/chart.tsx(262,39): error TS2344: Type '"payload" | "verticalAlign"' does not satisfy the constraint '"string" | "id" | "name" | "end" | "filter" | "fill" | "values" | "type" | "method" | "portal" | "path" | "nonce" | "in" | "result" | "cursor" | "mode" | "slot" | "style" | "clipPath" | ... 431 more ... | "onBBoxUpdate"'.
  Type '"payload"' is not assignable to type '"string" | "id" | "name" | "end" | "filter" | "fill" | "values" | "type" | "method" | "portal" | "path" | "nonce" | "in" | "result" | "cursor" | "mode" | "slot" | "style" | "clipPath" | ... 431 more ... | "onBBoxUpdate"'.
src/components/ui/chart.tsx(268,17): error TS2339: Property 'length' does not exist on type '{}'.
src/components/ui/chart.tsx(281,10): error TS2339: Property 'filter' does not exist on type '{}'.
src/components/ui/chart.tsx(281,18): error TS7006: Parameter 'item' implicitly has an 'any' type.
src/components/ui/chart.tsx(282,15): error TS7006: Parameter 'item' implicitly has an 'any' type.
src/components/ui/resizable.tsx(12,51): error TS2339: Property 'PanelGroup' does not exist on type 'typeof import("D:/Collage/n8n-Flow/nodebase/node_modules/react-resizable-panels/dist/react-resizable-panels")'.
src/components/ui/resizable.tsx(14,25): error TS2339: Property 'PanelGroup' does not exist on type 'typeof import("D:/Collage/n8n-Flow/nodebase/node_modules/react-resizable-panels/dist/react-resizable-panels")'.
src/components/ui/resizable.tsx(35,51): error TS2339: Property 'PanelResizeHandle' does not exist on type 'typeof import("D:/Collage/n8n-Flow/nodebase/node_modules/react-resizable-panels/dist/react-resizable-panels")'.
src/components/ui/resizable.tsx(39,25): error TS2339: Property 'PanelResizeHandle' does not exist on type 'typeof import("D:/Collage/n8n-Flow/nodebase/node_modules/react-resizable-panels/dist/react-resizable-panels")'.
src/components/ui/resizable.tsx(52,26): error TS2339: Property 'PanelResizeHandle' does not exist on type 'typeof import("D:/Collage/n8n-Flow/nodebase/node_modules/react-resizable-panels/dist/react-resizable-panels")'.
src/features/editor/components/execute-workflow-button.tsx(2,10): error TS2724: '"@/features/workflows/hooks/use-workflows"' has no exported member named 'useExecuteWorkflow'. Did you mean 'useCreateWorkflow'?
