[96msrc/app/(dashboard)/(editor)/workflows/[workflowId]/page.tsx[0m:[93m5[0m:[93m8[0m - [91merror[0m[90m TS2306: [0mFile 'D:/Collage/n8n-Flow/nodebase/src/features/editor/components/editor.tsx' is not a module.

[7m5[0m } from "@/features/editor/components/editor";
[7m [0m [91m       ~~~~~~~~~~~~~~~~~~~~~~~~~~~~~~~~~~~~~[0m

[96msrc/app/page.tsx[0m:[93m12[0m:[93m34[0m - [91merror[0m[90m TS2551: [0mProperty 'getWorkflows' does not exist on type 'TRPCOptionsProxy<BuiltRouter<{ ctx: object; meta: object; errorShape: DefaultErrorShape; transformer: true; }, DecorateCreateRouterOptions<{ workflows: BuiltRouter<{ ctx: object; meta: object; errorShape: DefaultErrorShape; transformer: true; }, DecorateCreateRouterOptions<...>>; }>>, { ...; }>'. Did you mean 'workflows'?

[7m12[0m   const { data } = useQuery(trpc.getWorkflows.queryOptions());
[7m  [0m [91m                                 ~~~~~~~~~~~~[0m

[96msrc/app/page.tsx[0m:[93m13[0m:[93m35[0m - [91merror[0m[90m TS2339: [0mProperty 'testAi' does not exist on type 'TRPCOptionsProxy<BuiltRouter<{ ctx: object; meta: object; errorShape: DefaultErrorShape; transformer: true; }, DecorateCreateRouterOptions<{ workflows: BuiltRouter<{ ctx: object; meta: object; errorShape: DefaultErrorShape; transformer: true; }, DecorateCreateRouterOptions<...>>; }>>, { ...; }>'.

[7m13[0m   const testAi = useMutation(trpc.testAi.mutationOptions({
[7m  [0m [91m                                  ~~~~~~[0m

[96msrc/app/page.tsx[0m:[93m21[0m:[93m35[0m - [91merror[0m[90m TS2339: [0mProperty 'createWorkflow' does not exist on type 'TRPCOptionsProxy<BuiltRouter<{ ctx: object; meta: object; errorShape: DefaultErrorShape; transformer: true; }, DecorateCreateRouterOptions<{ workflows: BuiltRouter<{ ctx: object; meta: object; errorShape: DefaultErrorShape; transformer: true; }, DecorateCreateRouterOptions<...>>; }>>, { ...; }>'.

[7m21[0m   const create = useMutation(trpc.createWorkflow.mutationOptions({
[7m  [0m [91m                                  ~~~~~~~~~~~~~~[0m

[96msrc/app/page.tsx[0m:[93m23[0m:[93m42[0m - [91merror[0m[90m TS2551: [0mProperty 'getWorkflows' does not exist on type 'TRPCOptionsProxy<BuiltRouter<{ ctx: object; meta: object; errorShape: DefaultErrorShape; transformer: true; }, DecorateCreateRouterOptions<{ workflows: BuiltRouter<{ ctx: object; meta: object; errorShape: DefaultErrorShape; transformer: true; }, DecorateCreateRouterOptions<...>>; }>>, { ...; }>'. Did you mean 'workflows'?

[7m23[0m       queryClient.invalidateQueries(trpc.getWorkflows.queryOptions());
[7m  [0m [91m                                         ~~~~~~~~~~~~[0m

[96msrc/components/ui/chart.tsx[0m:[93m109[0m:[93m3[0m - [91merror[0m[90m TS2339: [0mProperty 'payload' does not exist on type 'Omit<Props<ValueType, NameType>, PropertiesReadFromContext> & { active?: boolean | undefined; allowEscapeViewBox?: AllowInDimension | undefined; ... 24 more ...; wrapperStyle?: CSSProperties | undefined; } & ClassAttributes<...> & HTMLAttributes<...> & { ...; }'.

[7m109[0m   payload,
[7m   [0m [91m  ~~~~~~~[0m

[96msrc/components/ui/chart.tsx[0m:[93m114[0m:[93m3[0m - [91merror[0m[90m TS2339: [0mProperty 'label' does not exist on type 'Omit<Props<ValueType, NameType>, PropertiesReadFromContext> & { active?: boolean | undefined; allowEscapeViewBox?: AllowInDimension | undefined; ... 24 more ...; wrapperStyle?: CSSProperties | undefined; } & ClassAttributes<...> & HTMLAttributes<...> & { ...; }'.

[7m114[0m   label,
[7m   [0m [91m  ~~~~~[0m

[96msrc/components/ui/chart.tsx[0m:[93m183[0m:[93m20[0m - [91merror[0m[90m TS7006: [0mParameter 'item' implicitly has an 'any' type.

[7m183[0m           .filter((item) => item.type !== "none")
[7m   [0m [91m                   ~~~~[0m

[96msrc/components/ui/chart.tsx[0m:[93m184[0m:[93m17[0m - [91merror[0m[90m TS7006: [0mParameter 'item' implicitly has an 'any' type.

[7m184[0m           .map((item, index) => {
[7m   [0m [91m                ~~~~[0m

[96msrc/components/ui/chart.tsx[0m:[93m184[0m:[93m23[0m - [91merror[0m[90m TS7006: [0mParameter 'index' implicitly has an 'any' type.

[7m184[0m           .map((item, index) => {
[7m   [0m [91m                      ~~~~~[0m

[96msrc/components/ui/chart.tsx[0m:[93m262[0m:[93m39[0m - [91merror[0m[90m TS2344: [0mType '"payload" | "verticalAlign"' does not satisfy the constraint '"string" | "id" | "name" | "end" | "filter" | "fill" | "values" | "type" | "method" | "portal" | "path" | "nonce" | "in" | "result" | "cursor" | "mode" | "slot" | "style" | "clipPath" | ... 431 more ... | "onBBoxUpdate"'.
  Type '"payload"' is not assignable to type '"string" | "id" | "name" | "end" | "filter" | "fill" | "values" | "type" | "method" | "portal" | "path" | "nonce" | "in" | "result" | "cursor" | "mode" | "slot" | "style" | "clipPath" | ... 431 more ... | "onBBoxUpdate"'.

[7m262[0m   Pick<RechartsPrimitive.LegendProps, "payload" | "verticalAlign"> & {
[7m   [0m [91m                                      ~~~~~~~~~~~~~~~~~~~~~~~~~~~[0m

[96msrc/components/ui/chart.tsx[0m:[93m268[0m:[93m17[0m - [91merror[0m[90m TS2339: [0mProperty 'length' does not exist on type '{}'.

[7m268[0m   if (!payload?.length) {
[7m   [0m [91m                ~~~~~~[0m

[96msrc/components/ui/chart.tsx[0m:[93m281[0m:[93m10[0m - [91merror[0m[90m TS2339: [0mProperty 'filter' does not exist on type '{}'.

[7m281[0m         .filter((item) => item.type !== "none")
[7m   [0m [91m         ~~~~~~[0m

[96msrc/components/ui/chart.tsx[0m:[93m281[0m:[93m18[0m - [91merror[0m[90m TS7006: [0mParameter 'item' implicitly has an 'any' type.

[7m281[0m         .filter((item) => item.type !== "none")
[7m   [0m [91m                 ~~~~[0m

[96msrc/components/ui/chart.tsx[0m:[93m282[0m:[93m15[0m - [91merror[0m[90m TS7006: [0mParameter 'item' implicitly has an 'any' type.

[7m282[0m         .map((item) => {
[7m   [0m [91m              ~~~~[0m

[96msrc/components/ui/resizable.tsx[0m:[93m12[0m:[93m51[0m - [91merror[0m[90m TS2339: [0mProperty 'PanelGroup' does not exist on type 'typeof import("D:/Collage/n8n-Flow/nodebase/node_modules/react-resizable-panels/dist/react-resizable-panels")'.

[7m12[0m }: React.ComponentProps<typeof ResizablePrimitive.PanelGroup>) {
[7m  [0m [91m                                                  ~~~~~~~~~~[0m

[96msrc/components/ui/resizable.tsx[0m:[93m14[0m:[93m25[0m - [91merror[0m[90m TS2339: [0mProperty 'PanelGroup' does not exist on type 'typeof import("D:/Collage/n8n-Flow/nodebase/node_modules/react-resizable-panels/dist/react-resizable-panels")'.

[7m14[0m     <ResizablePrimitive.PanelGroup
[7m  [0m [91m                        ~~~~~~~~~~[0m

[96msrc/components/ui/resizable.tsx[0m:[93m35[0m:[93m51[0m - [91merror[0m[90m TS2339: [0mProperty 'PanelResizeHandle' does not exist on type 'typeof import("D:/Collage/n8n-Flow/nodebase/node_modules/react-resizable-panels/dist/react-resizable-panels")'.

[7m35[0m }: React.ComponentProps<typeof ResizablePrimitive.PanelResizeHandle> & {
[7m  [0m [91m                                                  ~~~~~~~~~~~~~~~~~[0m

[96msrc/components/ui/resizable.tsx[0m:[93m39[0m:[93m25[0m - [91merror[0m[90m TS2339: [0mProperty 'PanelResizeHandle' does not exist on type 'typeof import("D:/Collage/n8n-Flow/nodebase/node_modules/react-resizable-panels/dist/react-resizable-panels")'.

[7m39[0m     <ResizablePrimitive.PanelResizeHandle
[7m  [0m [91m                        ~~~~~~~~~~~~~~~~~[0m

[96msrc/components/ui/resizable.tsx[0m:[93m52[0m:[93m26[0m - [91merror[0m[90m TS2339: [0mProperty 'PanelResizeHandle' does not exist on type 'typeof import("D:/Collage/n8n-Flow/nodebase/node_modules/react-resizable-panels/dist/react-resizable-panels")'.

[7m52[0m     </ResizablePrimitive.PanelResizeHandle>
[7m  [0m [91m                         ~~~~~~~~~~~~~~~~~[0m

[96msrc/config/node-components.ts[0m:[93m1[0m:[93m29[0m - [91merror[0m[90m TS2307: [0mCannot find module '@/components/initial-node' or its corresponding type declarations.

[7m1[0m import { InitialNode } from "@/components/initial-node";
[7m [0m [91m                            ~~~~~~~~~~~~~~~~~~~~~~~~~~~[0m

[96msrc/config/node-components.ts[0m:[93m2[0m:[93m26[0m - [91merror[0m[90m TS2307: [0mCannot find module '@/generated/prisma' or its corresponding type declarations.

[7m2[0m import { NodeType } from "@/generated/prisma";
[7m [0m [91m                         ~~~~~~~~~~~~~~~~~~~~[0m

[96msrc/config/node-components.ts[0m:[93m3[0m:[93m32[0m - [91merror[0m[90m TS2307: [0mCannot find module '@xyflow/react' or its corresponding type declarations.

[7m3[0m import type { NodeTypes } from "@xyflow/react";
[7m [0m [91m                               ~~~~~~~~~~~~~~~[0m

[96msrc/config/node-components.ts[0m:[93m5[0m:[93m33[0m - [91merror[0m[90m TS2307: [0mCannot find module '@/features/executions/components/http-request/node' or its corresponding type declarations.

[7m5[0m import { HttpRequestNode } from "@/features/executions/components/http-request/node";
[7m [0m [91m                                ~~~~~~~~~~~~~~~~~~~~~~~~~~~~~~~~~~~~~~~~~~~~~~~~~~~~[0m

[96msrc/config/node-components.ts[0m:[93m6[0m:[93m35[0m - [91merror[0m[90m TS2307: [0mCannot find module '@/features/triggers/components/manual-trigger/node' or its corresponding type declarations.

[7m6[0m import { ManualTriggerNode } from "@/features/triggers/components/manual-trigger/node";
[7m [0m [91m                                  ~~~~~~~~~~~~~~~~~~~~~~~~~~~~~~~~~~~~~~~~~~~~~~~~~~~~[0m

[96msrc/config/node-components.ts[0m:[93m7[0m:[93m35[0m - [91merror[0m[90m TS2307: [0mCannot find module '@/features/triggers/components/google-form-trigger/node' or its corresponding type declarations.

[7m7[0m import { GoogleFormTrigger } from "@/features/triggers/components/google-form-trigger/node";
[7m [0m [91m                                  ~~~~~~~~~~~~~~~~~~~~~~~~~~~~~~~~~~~~~~~~~~~~~~~~~~~~~~~~~[0m

[96msrc/config/node-components.ts[0m:[93m8[0m:[93m35[0m - [91merror[0m[90m TS2307: [0mCannot find module '@/features/triggers/components/stripe-trigger/node' or its corresponding type declarations.

[7m8[0m import { StripeTriggerNode } from "@/features/triggers/components/stripe-trigger/node";
[7m [0m [91m                                  ~~~~~~~~~~~~~~~~~~~~~~~~~~~~~~~~~~~~~~~~~~~~~~~~~~~~[0m

[96msrc/config/node-components.ts[0m:[93m9[0m:[93m28[0m - [91merror[0m[90m TS2307: [0mCannot find module '@/features/executions/components/gemini/node' or its corresponding type declarations.

[7m9[0m import { GeminiNode } from "@/features/executions/components/gemini/node";
[7m [0m [91m                           ~~~~~~~~~~~~~~~~~~~~~~~~~~~~~~~~~~~~~~~~~~~~~~[0m

[96msrc/config/node-components.ts[0m:[93m10[0m:[93m28[0m - [91merror[0m[90m TS2307: [0mCannot find module '@/features/executions/components/openai/node' or its corresponding type declarations.

[7m10[0m import { OpenAiNode } from "@/features/executions/components/openai/node";
[7m  [0m [91m                           ~~~~~~~~~~~~~~~~~~~~~~~~~~~~~~~~~~~~~~~~~~~~~~[0m

[96msrc/config/node-components.ts[0m:[93m11[0m:[93m31[0m - [91merror[0m[90m TS2307: [0mCannot find module '@/features/executions/components/anthropic/node' or its corresponding type declarations.

[7m11[0m import { AnthropicNode } from "@/features/executions/components/anthropic/node";
[7m  [0m [91m                              ~~~~~~~~~~~~~~~~~~~~~~~~~~~~~~~~~~~~~~~~~~~~~~~~~[0m

[96msrc/config/node-components.ts[0m:[93m12[0m:[93m29[0m - [91merror[0m[90m TS2307: [0mCannot find module '@/features/executions/components/discord/node' or its corresponding type declarations.

[7m12[0m import { DiscordNode } from "@/features/executions/components/discord/node";
[7m  [0m [91m                            ~~~~~~~~~~~~~~~~~~~~~~~~~~~~~~~~~~~~~~~~~~~~~~~[0m

[96msrc/config/node-components.ts[0m:[93m13[0m:[93m27[0m - [91merror[0m[90m TS2307: [0mCannot find module '@/features/executions/components/slack/node' or its corresponding type declarations.

[7m13[0m import { SlackNode } from "@/features/executions/components/slack/node";
[7m  [0m [91m                          ~~~~~~~~~~~~~~~~~~~~~~~~~~~~~~~~~~~~~~~~~~~~~[0m


Found 32 errors in 5 files.

Errors  Files
     1  src/app/(dashboard)/(editor)/workflows/[workflowId]/page.tsx[90m:5[0m
     4  src/app/page.tsx[90m:12[0m
    10  src/components/ui/chart.tsx[90m:109[0m
     5  src/components/ui/resizable.tsx[90m:12[0m
    12  src/config/node-components.ts[90m:1[0m
